// Jest Snapshot v1, https://goo.gl/fbAQLP

exports[`server/models/Transaction createFromPayload creates a double entry transaction for a Stripe payment in EUR with VAT 1`] = `
"
| kind         | type   | netAmountInCollectiveCurrency | currency | Host | platformFeeInHostCurrency | paymentProcessorFeeInHostCurrency | taxAmount | amount | description                              |
| ------------ | ------ | ----------------------------- | -------- | ---- | ------------------------- | --------------------------------- | --------- | ------ | ---------------------------------------- |
| CONTRIBUTION | DEBIT  | -12100                        | EUR      | NULL | -500                      | -300                              | -2100     | -8700  | €121 for Vegan Burgers including €21 VAT |
| CONTRIBUTION | CREDIT | 8700                          | EUR      | #2   | -500                      | -300                              | -2100     | 12100  | €121 for Vegan Burgers including €21 VAT |"
`;

exports[`server/models/Transaction fees on top should create an additional pair of transactions between contributor and Open Collective Inc 1`] = `
"
| kind         | type   | isDebt | From            | To              | Host            | amount | currency | platformFeeInHostCurrency | paymentProcessorFeeInHostCurrency | Settlement | description                                |
| ------------ | ------ | ------ | --------------- | --------------- | --------------- | ------ | -------- | ------------------------- | --------------------------------- | ---------- | ------------------------------------------ |
| PLATFORM_TIP | DEBIT  | false  | Open Collective | User            | NULL            | -982   | USD      | 0                         | -18                               |            | Financial contribution to Open Collective  |
| PLATFORM_TIP | CREDIT | false  | User            | Open Collective | Open Collective | 1000   | USD      | 0                         | -18                               |            | Financial contribution to Open Collective  |
| PLATFORM_TIP | DEBIT  | true   | Random Host     | Open Collective | Open Collective | -982   | USD      | 0                         | -18                               | OWED       | Platform Tip collected for Open Collective |
| PLATFORM_TIP | CREDIT | true   | Open Collective | Random Host     | Random Host     | 982    | USD      | 0                         | -18                               | OWED       | Platform Tip collected for Open Collective |
| CONTRIBUTION | DEBIT  |        | Collective      | User            | NULL            | -9318  | USD      | 0                         | -182                              |            | $100 donation to Merveilles                |
| CONTRIBUTION | CREDIT |        | User            | Collective      | Random Host     | 10000  | USD      | 0                         | -182                              |            | $100 donation to Merveilles                |"
`;
