// Jest Snapshot v1, https://goo.gl/fbAQLP

exports[`server/lib/payments createRefundTransaction should refund platform fees on top when refunding original transaction 1`] = `
"
| kind         | type   | isRefund | isDebt | From            | To              | Host            | amount | currency | platformFeeInHostCurrency | paymentProcessorFeeInHostCurrency | Settlement | description                                            |
| ------------ | ------ | -------- | ------ | --------------- | --------------- | --------------- | ------ | -------- | ------------------------- | --------------------------------- | ---------- | ------------------------------------------------------ |
| PLATFORM_TIP | DEBIT  | false    | false  | Open Collective | User            | NULL            | -500   | USD      | 0                         | 0                                 |            | Financial contribution to Open Collective              |
| PLATFORM_TIP | CREDIT | false    | false  | User            | Open Collective | Open Collective | 500    | USD      | 0                         | 0                                 |            | Financial contribution to Open Collective              |
| PLATFORM_TIP | DEBIT  | false    | true   | Host            | Open Collective | Open Collective | -500   | USD      | 0                         | 0                                 |            | Platform Tip collected for Open Collective             |
| PLATFORM_TIP | CREDIT | false    | true   | Open Collective | Host            | Host            | 500    | USD      | 0                         | 0                                 |            | Platform Tip collected for Open Collective             |
| CONTRIBUTION | DEBIT  | false    |        | Collective      | User            | NULL            | -4075  | USD      | 0                         | -175                              |            | Monthly subscription to Webpack                        |
| CONTRIBUTION | CREDIT | false    |        | User            | Collective      | Host            | 4500   | USD      | 0                         | -175                              |            | Monthly subscription to Webpack                        |
| PLATFORM_TIP | DEBIT  | true     | false  | User            | Open Collective | Open Collective | -500   | USD      | 0                         | 0                                 |            | Refund of \\"Financial contribution to Open Collective\\"  |
| PLATFORM_TIP | CREDIT | true     | false  | Open Collective | User            | NULL            | 500    | USD      | 0                         | 0                                 |            | Refund of \\"Financial contribution to Open Collective\\"  |
| PLATFORM_TIP | DEBIT  | true     | true   | Open Collective | Host            | Host            | -500   | USD      | 0                         | 0                                 |            | Refund of \\"Platform Tip collected for Open Collective\\" |
| PLATFORM_TIP | CREDIT | true     | true   | Host            | Open Collective | Open Collective | 500    | USD      | 0                         | 0                                 |            | Refund of \\"Platform Tip collected for Open Collective\\" |
| CONTRIBUTION | DEBIT  | true     |        | User            | Collective      | Host            | -4500  | USD      | 0                         | 0                                 |            | Refund of \\"Monthly subscription to Webpack\\"            |
| CONTRIBUTION | CREDIT | true     |        | Collective      | User            | NULL            | 4075   | USD      | 0                         | 0                                 |            | Refund of \\"Monthly subscription to Webpack\\"            |"
`;
